// Jest Snapshot v1, https://goo.gl/fbAQLP

exports[`Section Snapshot renders correctly 1`] = `
<View>
  <View
    accessible={true}
    focusable={true}
    onClick={[Function]}
    onResponderGrant={[Function]}
    onResponderMove={[Function]}
    onResponderRelease={[Function]}
    onResponderTerminate={[Function]}
    onResponderTerminationRequest={[Function]}
    onStartShouldSetResponder={[Function]}
    style={
      Object {
        "flexDirection": "row",
        "height": 30,
        "justifyContent": "space-between",
        "opacity": 1,
      }
    }
    testID="sectionButton"
  >
    <Text
      style={
        Object {
          "fontSize": 18,
          "fontWeight": "700",
        }
      }
    >
      open down
    </Text>
    <Text>
      Show Detail
    </Text>
  </View>
</View>
`;
